// Jest Snapshot v1, https://goo.gl/fbAQLP

exports[`test the functionality of LeftNav component renders correctly 1`] = `
<div
  className="left-nav"
>
  <div
    className="top-half"
  >
    <div
      className="title"
    >
      <img
        src="http://localhost/nautilus_logo.svg"
      />
      <h1>
        Nautilus
      </h1>
    </div>
    <div
      className="file-open"
    >
      <label
        htmlFor="files"
      >
        <div
          className="select-file-button open-flex"
        >
          <svg
            className="open-button"
            fill="currentColor"
            height={24}
            size={24}
            stroke="currentColor"
            strokeWidth="0"
            style={
              Object {
                "color": undefined,
              }
            }
            viewBox="0 0 512 512"
            width={24}
            xmlns="http://www.w3.org/2000/svg"
          >
            <path
              d="M296 384h-80c-13.3 0-24-10.7-24-24V192h-87.7c-17.8 0-26.7-21.5-14.1-34.1L242.3 5.7c7.5-7.5 19.8-7.5 27.3 0l152.2 152.2c12.6 12.6 3.7 34.1-14.1 34.1H320v168c0 13.3-10.7 24-24 24zm216-8v112c0 13.3-10.7 24-24 24H24c-13.3 0-24-10.7-24-24V376c0-13.3 10.7-24 24-24h136v8c0 30.9 25.1 56 56 56h80c30.9 0 56-25.1 56-56v-8h136c13.3 0 24 10.7 24 24zm-124 88c0-11-9-20-20-20s-20 9-20 20 9 20 20 20 20-9 20-20zm64 0c0-11-9-20-20-20s-20 9-20 20 9 20 20 20 20-9 20-20z"
            />
          </svg>
          <h5>
            Open
          </h5>
        </div>
      </label>
      <input
        accept=".yml,.yaml"
        id="files"
        name="yaml"
        onChange={[Function]}
        style={
          Object {
            "display": "none",
          }
        }
        type="file"
      />
    </div>
  </div>
  <div
    className="info-dropdown"
  >
    <h3>
      Db
    </h3>
    <div
      className="content-wrapper"
    >
      <div
        className="overflow-container"
      >
        <div
          className="overview"
        >
          <div>
            <span
              className="command"
            >
              Image: 
            </span>
            <span
              className="command-values"
            >
              postgres
            </span>
          </div>
          <div>
            <span
              className="command"
            >
              Environment: 
            </span>
            <span
              className="command-values"
            >
              <ul>
                <li
                  className="second-level"
                >
                  <span>
                    POSTGRES_MULTIPLE_DATABASES
                    :
                  </span>
                   
                  dpc_attribution,dpc_queue,dpc_auth,dpc_consent
                </li>
                <li
                  className="second-level"
                >
                  <span>
                    POSTGRES_USER
                    :
                  </span>
                   
                  postgres
                </li>
                <li
                  className="second-level"
                >
                  <span>
                    POSTGRES_PASSWORD
                    :
                  </span>
                   
                  dpc-safe
                </li>
              </ul>
            </span>
          </div>
          <div>
            <span
              className="command"
            >
              Ports: 
            </span>
            <span
              className="command-values"
            >
              <ul>
                <li
                  className="second-level"
                >
                  5432:5432
                </li>
              </ul>
            </span>
          </div>
        </div>
      </div>
    </div>
  </div>
  <div
    className="deploy-container"
    id="compose-deploy-div"
  >
    <div
      className="deploy-btn"
      onClick={[Function]}
    >
      <svg
        className="deployment-button"
        fill="currentColor"
        height={24}
        size={24}
        stroke="currentColor"
        strokeWidth="0"
        style={
          Object {
            "color": undefined,
          }
        }
        viewBox="0 0 512 512"
        width={24}
        xmlns="http://www.w3.org/2000/svg"
      >
        <path
          d="M296 384h-80c-13.3 0-24-10.7-24-24V192h-87.7c-17.8 0-26.7-21.5-14.1-34.1L242.3 5.7c7.5-7.5 19.8-7.5 27.3 0l152.2 152.2c12.6 12.6 3.7 34.1-14.1 34.1H320v168c0 13.3-10.7 24-24 24zm216-8v112c0 13.3-10.7 24-24 24H24c-13.3 0-24-10.7-24-24V376c0-13.3 10.7-24 24-24h136v8c0 30.9 25.1 56 56 56h80c30.9 0 56-25.1 56-56v-8h136c13.3 0 24 10.7 24 24zm-124 88c0-11-9-20-20-20s-20 9-20 20 9 20 20 20 20-9 20-20zm64 0c0-11-9-20-20-20s-20 9-20 20 9 20 20 20 20-9 20-20z"
        />
      </svg>
      <label
        className="deployment-title"
      >
        Deploy Container
        <input
          accept=".yml,.yaml"
          name="yaml"
          onChange={[Function]}
          style={
            Object {
              "display": "none",
            }
          }
          type="file"
        />
      </label>
      <div
        className="status-container"
      >
        <svg
          className="health-icon hidden"
          fill="currentColor"
          height={20}
          size={20}
          stroke="currentColor"
          strokeWidth="0"
          style={
            Object {
              "color": undefined,
            }
          }
          viewBox="0 0 512 512"
          width={20}
          xmlns="http://www.w3.org/2000/svg"
        >
          <path
            d="M372.48 31.215c-77.65 0-116.48 65.73-116.48 65.73s-38.83-65.72-116.48-65.72c-37.14 0-107.77 33.72-107.77 125.13 0 161.24 224.25 324.43 224.25 324.43s224.25-163.19 224.25-324.43c0-91.42-70.63-125.13-107.77-125.14zm-145.492 115.02h60.698v79.415h79.238v60.7h-79.238v79.884h-60.698V286.35h-80.064v-60.7h80.064z"
          />
        </svg>
        <svg
          className="start-button hidden"
          fill="currentColor"
          height={20}
          onClick={[Function]}
          size={20}
          stroke="currentColor"
          strokeWidth="0"
          style={
            Object {
              "color": undefined,
            }
          }
          viewBox="0 0 512 512"
          width={20}
          xmlns="http://www.w3.org/2000/svg"
        >
          <path
            d="M371.7 238l-176-107c-15.8-8.8-35.7 2.5-35.7 21v208c0 18.4 19.8 29.8 35.7 21l176-101c16.4-9.1 16.4-32.8 0-42zM504 256C504 119 393 8 256 8S8 119 8 256s111 248 248 248 248-111 248-248zm-448 0c0-110.5 89.5-200 200-200s200 89.5 200 200-89.5 200-200 200S56 366.5 56 256z"
          />
        </svg>
        <span
          className="deployment-status status-healthy 
            "
        />
        <span
          className="deployment-status status-moderate 
            "
        />
        <span
          className="deployment-status status-dead 
            
            "
          onClick={[Function]}
        >
          
        </span>
      </div>
    </div>
  </div>
  <div>
    <div
      className="deploy-container"
    >
      <button
        className="deploy-btn"
        onClick={[Function]}
      >
        <span>
          <svg
            className="deployment-button"
            fill="currentColor"
            height={24}
            size={24}
            stroke="currentColor"
            strokeWidth="0"
            style={
              Object {
                "color": undefined,
              }
            }
            viewBox="0 0 512 512"
            width={24}
            xmlns="http://www.w3.org/2000/svg"
          >
            <path
              d="M296 384h-80c-13.3 0-24-10.7-24-24V192h-87.7c-17.8 0-26.7-21.5-14.1-34.1L242.3 5.7c7.5-7.5 19.8-7.5 27.3 0l152.2 152.2c12.6 12.6 3.7 34.1-14.1 34.1H320v168c0 13.3-10.7 24-24 24zm216-8v112c0 13.3-10.7 24-24 24H24c-13.3 0-24-10.7-24-24V376c0-13.3 10.7-24 24-24h136v8c0 30.9 25.1 56 56 56h80c30.9 0 56-25.1 56-56v-8h136c13.3 0 24 10.7 24 24zm-124 88c0-11-9-20-20-20s-20 9-20 20 9 20 20 20 20-9 20-20zm64 0c0-11-9-20-20-20s-20 9-20 20 9 20 20 20 20-9 20-20z"
            />
          </svg>
        </span>
        Deploy to Swarm
        <div
          className="status-container"
        >
          <span
            className="deployment-status status-healthy "
          />
          <span
            className="deployment-status status-moderate "
          />
          <span
            className="deployment-status status-dead "
          />
        </div>
      </button>
    </div>
  </div>
</div>
`;
